###############################################################################
#
# IAR ELF Linker V8.30.2.160/W32 for ARM                  01/Dec/2018  22:51:45
# Copyright 2007-2018 IAR Systems AB.
#
#    Output file  =  
#        F:\System\Documents\CubeMX\L432_Uart2_BootLoader\EWARM\L432_Uart2_BootLoader\Exe\L432_Uart2_BootLoader.out
#    Map file     =  
#        F:\System\Documents\CubeMX\L432_Uart2_BootLoader\EWARM\L432_Uart2_BootLoader\List\L432_Uart2_BootLoader.map
#    Command line =  
#        -f C:\Users\willc\AppData\Local\Temp\EW7123.tmp
#        (F:\System\Documents\CubeMX\L432_Uart2_BootLoader\EWARM\L432_Uart2_BootLoader\Obj\gpio.o
#        F:\System\Documents\CubeMX\L432_Uart2_BootLoader\EWARM\L432_Uart2_BootLoader\Obj\main.o
#        F:\System\Documents\CubeMX\L432_Uart2_BootLoader\EWARM\L432_Uart2_BootLoader\Obj\startup_stm32l432xx.o
#        F:\System\Documents\CubeMX\L432_Uart2_BootLoader\EWARM\L432_Uart2_BootLoader\Obj\stm32l4xx_hal.o
#        F:\System\Documents\CubeMX\L432_Uart2_BootLoader\EWARM\L432_Uart2_BootLoader\Obj\stm32l4xx_hal_cortex.o
#        F:\System\Documents\CubeMX\L432_Uart2_BootLoader\EWARM\L432_Uart2_BootLoader\Obj\stm32l4xx_hal_dma.o
#        F:\System\Documents\CubeMX\L432_Uart2_BootLoader\EWARM\L432_Uart2_BootLoader\Obj\stm32l4xx_hal_dma_ex.o
#        F:\System\Documents\CubeMX\L432_Uart2_BootLoader\EWARM\L432_Uart2_BootLoader\Obj\stm32l4xx_hal_flash.o
#        F:\System\Documents\CubeMX\L432_Uart2_BootLoader\EWARM\L432_Uart2_BootLoader\Obj\stm32l4xx_hal_flash_ex.o
#        F:\System\Documents\CubeMX\L432_Uart2_BootLoader\EWARM\L432_Uart2_BootLoader\Obj\stm32l4xx_hal_flash_ramfunc.o
#        F:\System\Documents\CubeMX\L432_Uart2_BootLoader\EWARM\L432_Uart2_BootLoader\Obj\stm32l4xx_hal_gpio.o
#        F:\System\Documents\CubeMX\L432_Uart2_BootLoader\EWARM\L432_Uart2_BootLoader\Obj\stm32l4xx_hal_i2c.o
#        F:\System\Documents\CubeMX\L432_Uart2_BootLoader\EWARM\L432_Uart2_BootLoader\Obj\stm32l4xx_hal_i2c_ex.o
#        F:\System\Documents\CubeMX\L432_Uart2_BootLoader\EWARM\L432_Uart2_BootLoader\Obj\stm32l4xx_hal_msp.o
#        F:\System\Documents\CubeMX\L432_Uart2_BootLoader\EWARM\L432_Uart2_BootLoader\Obj\stm32l4xx_hal_pwr.o
#        F:\System\Documents\CubeMX\L432_Uart2_BootLoader\EWARM\L432_Uart2_BootLoader\Obj\stm32l4xx_hal_pwr_ex.o
#        F:\System\Documents\CubeMX\L432_Uart2_BootLoader\EWARM\L432_Uart2_BootLoader\Obj\stm32l4xx_hal_rcc.o
#        F:\System\Documents\CubeMX\L432_Uart2_BootLoader\EWARM\L432_Uart2_BootLoader\Obj\stm32l4xx_hal_rcc_ex.o
#        F:\System\Documents\CubeMX\L432_Uart2_BootLoader\EWARM\L432_Uart2_BootLoader\Obj\stm32l4xx_hal_tim.o
#        F:\System\Documents\CubeMX\L432_Uart2_BootLoader\EWARM\L432_Uart2_BootLoader\Obj\stm32l4xx_hal_tim_ex.o
#        F:\System\Documents\CubeMX\L432_Uart2_BootLoader\EWARM\L432_Uart2_BootLoader\Obj\stm32l4xx_hal_uart.o
#        F:\System\Documents\CubeMX\L432_Uart2_BootLoader\EWARM\L432_Uart2_BootLoader\Obj\stm32l4xx_hal_uart_ex.o
#        F:\System\Documents\CubeMX\L432_Uart2_BootLoader\EWARM\L432_Uart2_BootLoader\Obj\stm32l4xx_it.o
#        F:\System\Documents\CubeMX\L432_Uart2_BootLoader\EWARM\L432_Uart2_BootLoader\Obj\system_stm32l4xx.o
#        F:\System\Documents\CubeMX\L432_Uart2_BootLoader\EWARM\L432_Uart2_BootLoader\Obj\usart.o
#        --redirect _Printf=_PrintfFull --redirect _Scanf=_ScanfFull
#        --no_out_extension -o
#        F:\System\Documents\CubeMX\L432_Uart2_BootLoader\EWARM\L432_Uart2_BootLoader\Exe\L432_Uart2_BootLoader.out
#        --map
#        F:\System\Documents\CubeMX\L432_Uart2_BootLoader\EWARM\L432_Uart2_BootLoader\List\L432_Uart2_BootLoader.map
#        --config
#        F:\System\Documents\CubeMX\L432_Uart2_BootLoader\EWARM/stm32l432xx_flash.icf
#        --semihosting --entry __iar_program_start --vfe --text_out locale)
#
###############################################################################

*******************************************************************************
*** RUNTIME MODEL ATTRIBUTES
***

CppFlavor       = *
__SystemLibrary = DLib
__dlib_version  = 6


*******************************************************************************
*** HEAP SELECTION
***

The basic heap was selected because no calls to memory allocation
functions were found in the application outside of system library
functions, and there are calls to deallocation functions in the
application.


*******************************************************************************
*** PLACEMENT SUMMARY
***

"A0":  place at 0x800'0000 { ro section .intvec };
"P1":  place in [from 0x800'0000 to 0x801'ffff] { ro };
define block CSTACK with size = 1K, alignment = 8 { };
define block HEAP with size = 512, alignment = 8 { };
"P2":  place in [from 0x2000'0000 to 0x2001'0000] {
          rw, block CSTACK, block HEAP };
initialize by copy { rw };

  Section            Kind         Address    Size  Object
  -------            ----         -------    ----  ------
"A0":                                       0x18c
  .intvec            ro code   0x800'0000   0x18c  startup_stm32l432xx.o [1]
                             - 0x800'018c   0x18c

"P1":                                      0x3f02
  .text              ro code   0x800'018c   0xf7a  xprintffull.o [2]
  .text              ro code   0x800'1106    0x7a  lz77_init_single.o [4]
  .text              ro code   0x800'1180    0x78  xlocale_c.o [2]
  .text              ro code   0x800'11f8    0x16  strchr.o [4]
  .text              ro code   0x800'120e    0x3a  zero_init3.o [4]
  .text              ro code   0x800'1248    0x40  xfail_s.o [2]
  .text              ro code   0x800'1288    0x36  strlen.o [4]
  .text              ro code   0x800'12be    0x1e  xencoding_8859_1.o [2]
  .text              ro code   0x800'12dc    0x58  memchr.o [4]
  .text              ro code   0x800'1334     0xa  xmbcurmax.o [2]
  .text              ro code   0x800'1340    0xa6  ABImemcpy.o [4]
  .text              ro code   0x800'13e8   0x230  I64DivMod.o [4]
  .text              ro code   0x800'1618   0x1a2  DblMul.o [3]
  .text              ro code   0x800'17bc    0x70  frexp.o [3]
  .text              ro code   0x800'182c    0x2e  DblCmpLe.o [3]
  .text              ro code   0x800'185c    0x2e  DblCmpGe.o [3]
  .text              ro code   0x800'188c   0x13a  ldexp.o [3]
  .text              ro code   0x800'19c8    0x3a  DblToS32.o [3]
  .text              ro code   0x800'1a04    0x22  S32ToDbl.o [3]
  .text              ro code   0x800'1a28    0xe2  DblSub.o [3]
  .text              ro code   0x800'1b0c   0x246  DblDiv.o [3]
  .text              ro code   0x800'1d54    0x28  DblToU32.o [3]
  .text              ro code   0x800'1d7c    0x1a  U32ToDbl.o [3]
  .text              ro code   0x800'1d96     0x6  abort.o [2]
  .text              ro code   0x800'1d9c     0x2  I64DivZer.o [4]
  .text              ro code   0x800'1da0   0x16a  DblAdd.o [3]
  .text              ro code   0x800'1f0c    0x14  exit.o [5]
  .text              ro code   0x800'1f20   0x7e8  stm32l4xx_hal_uart.o [1]
  .text              ro code   0x800'2708   0x11c  usart.o [1]
  .text              ro code   0x800'2824     0xc  stm32l4xx_hal.o [1]
  .text              ro code   0x800'2830    0x4a  stm32l4xx_hal_dma.o [1]
  .text              ro code   0x800'287a     0x2  stm32l4xx_hal_uart.o [1]
  .text              ro code   0x800'287c     0x2  stm32l4xx_hal_uart_ex.o [1]
  .text              ro code   0x800'287e     0x2  stm32l4xx_hal_uart.o [1]
  .text              ro code   0x800'2880   0x6d0  stm32l4xx_hal_rcc.o [1]
  .text              ro code   0x800'2f50   0x2d4  main.o [1]
  .text              ro code   0x800'3224   0x198  stm32l4xx_hal_gpio.o [1]
  .text              ro code   0x800'33bc    0xe2  stm32l4xx_hal_cortex.o [1]
  .text              ro code   0x800'34a0    0x30  stm32l4xx_hal.o [1]
  .text              ro code   0x800'34d0    0x88  stm32l4xx_hal_pwr_ex.o [1]
  .text              ro code   0x800'3558    0x1e  stm32l4xx_hal.o [1]
  .text              ro code   0x800'3578    0xca  gpio.o [1]
  .text              ro code   0x800'3644    0x28  printf.o [2]
  .text              ro code   0x800'366c   0x188  stm32l4xx_hal_flash.o [1]
  .text              ro code   0x800'37f4   0x16c  stm32l4xx_hal_flash_ex.o [1]
  .text              ro code   0x800'3960    0x22  I64Shl.o [4]
  .text              ro code   0x800'3982    0x1e  stm32l4xx_hal.o [1]
  .text              ro code   0x800'39a0    0x10  stm32l4xx_hal_pwr.o [1]
  .text              ro code   0x800'39b0   0x368  stm32l4xx_hal_rcc_ex.o [1]
  .text              ro code   0x800'3d18    0x8c  stm32l4xx_hal_msp.o [1]
  .text              ro code   0x800'3da4    0x8c  system_stm32l4xx.o [1]
  .text              ro code   0x800'3e30    0x28  stm32l4xx_it.o [1]
  .text              ro code   0x800'3e58    0x10  stm32l4xx_hal.o [1]
  .text              ro code   0x800'3e68    0x28  data_init.o [4]
  .text              ro code   0x800'3e90    0x22  fpinit_M.o [3]
  .iar.init_table    const     0x800'3eb4    0x20  - Linker created -
  .text              ro code   0x800'3ed4    0x1e  cmain.o [4]
  .text              ro code   0x800'3ef2     0x4  low_level_init.o [2]
  .text              ro code   0x800'3ef6     0x4  exit.o [2]
  .text              ro code   0x800'3efc     0xa  cexit.o [4]
  .text              ro code   0x800'3f06    0x16  xprout.o [2]
  .text              ro code   0x800'3f1c     0xc  putchar.o [2]
  .text              ro code   0x800'3f28    0x10  startup_stm32l432xx.o [1]
  .text              ro code   0x800'3f38     0xc  cstartup_M.o [4]
  .rodata            const     0x800'3f44     0x8  system_stm32l4xx.o [1]
  .rodata            const     0x800'3f4c     0x6  xlocale_c.o [2]
  .text              ro code   0x800'3f52     0x4  startup_stm32l432xx.o [1]
  .text              ro code   0x800'3f56     0x4  startup_stm32l432xx.o [1]
  .text              ro code   0x800'3f5a     0x4  startup_stm32l432xx.o [1]
  .text              ro code   0x800'3f5e     0x4  startup_stm32l432xx.o [1]
  .text              ro code   0x800'3f62     0x4  startup_stm32l432xx.o [1]
  .text              ro code   0x800'3f66     0x4  startup_stm32l432xx.o [1]
  .text              ro code   0x800'3f6a     0x4  startup_stm32l432xx.o [1]
  .text              ro code   0x800'3f6e     0x4  startup_stm32l432xx.o [1]
  .text              ro code   0x800'3f72     0x4  startup_stm32l432xx.o [1]
  .text              ro code   0x800'3f76     0x4  startup_stm32l432xx.o [1]
  .text              ro code   0x800'3f7a     0x4  startup_stm32l432xx.o [1]
  .text              ro code   0x800'3f7e     0x4  startup_stm32l432xx.o [1]
  .text              ro code   0x800'3f82     0x4  startup_stm32l432xx.o [1]
  .text              ro code   0x800'3f86     0x4  startup_stm32l432xx.o [1]
  .text              ro code   0x800'3f8a     0x4  startup_stm32l432xx.o [1]
  .text              ro code   0x800'3f8e     0x4  startup_stm32l432xx.o [1]
  .text              ro code   0x800'3f92     0x4  startup_stm32l432xx.o [1]
  .text              ro code   0x800'3f96     0x4  startup_stm32l432xx.o [1]
  .text              ro code   0x800'3f9a     0x4  startup_stm32l432xx.o [1]
  .text              ro code   0x800'3f9e     0x4  startup_stm32l432xx.o [1]
  .text              ro code   0x800'3fa2     0x4  startup_stm32l432xx.o [1]
  .text              ro code   0x800'3fa6     0x4  startup_stm32l432xx.o [1]
  .text              ro code   0x800'3faa     0x4  startup_stm32l432xx.o [1]
  .text              ro code   0x800'3fae     0x4  startup_stm32l432xx.o [1]
  .text              ro code   0x800'3fb2     0x4  startup_stm32l432xx.o [1]
  .text              ro code   0x800'3fb6     0x4  startup_stm32l432xx.o [1]
  .text              ro code   0x800'3fba     0x4  startup_stm32l432xx.o [1]
  .text              ro code   0x800'3fbe     0x4  startup_stm32l432xx.o [1]
  .text              ro code   0x800'3fc2     0x4  startup_stm32l432xx.o [1]
  .text              ro code   0x800'3fc6     0x4  startup_stm32l432xx.o [1]
  .text              ro code   0x800'3fca     0x4  startup_stm32l432xx.o [1]
  .text              ro code   0x800'3fce     0x4  startup_stm32l432xx.o [1]
  .text              ro code   0x800'3fd2     0x4  startup_stm32l432xx.o [1]
  .text              ro code   0x800'3fd6     0x4  startup_stm32l432xx.o [1]
  .text              ro code   0x800'3fda     0x4  startup_stm32l432xx.o [1]
  .text              ro code   0x800'3fde     0x4  startup_stm32l432xx.o [1]
  .text              ro code   0x800'3fe2     0x4  startup_stm32l432xx.o [1]
  .text              ro code   0x800'3fe6     0x4  startup_stm32l432xx.o [1]
  .text              ro code   0x800'3fea     0x4  startup_stm32l432xx.o [1]
  .text              ro code   0x800'3fee     0x4  startup_stm32l432xx.o [1]
  .text              ro code   0x800'3ff2     0x4  startup_stm32l432xx.o [1]
  .text              ro code   0x800'3ff6     0x4  startup_stm32l432xx.o [1]
  .text              ro code   0x800'3ffa     0x4  startup_stm32l432xx.o [1]
  .text              ro code   0x800'3ffe     0x4  startup_stm32l432xx.o [1]
  .text              ro code   0x800'4002     0x4  startup_stm32l432xx.o [1]
  .text              ro code   0x800'4006     0x4  startup_stm32l432xx.o [1]
  .text              ro code   0x800'400a     0x4  startup_stm32l432xx.o [1]
  .text              ro code   0x800'400e     0x4  startup_stm32l432xx.o [1]
  .text              ro code   0x800'4012     0x4  startup_stm32l432xx.o [1]
  .text              ro code   0x800'4016     0x4  startup_stm32l432xx.o [1]
  .text              ro code   0x800'401a     0x4  startup_stm32l432xx.o [1]
  .text              ro code   0x800'401e     0x4  startup_stm32l432xx.o [1]
  .text              ro code   0x800'4022     0x4  startup_stm32l432xx.o [1]
  .text              ro code   0x800'4026     0x4  startup_stm32l432xx.o [1]
  .text              ro code   0x800'402a     0x4  startup_stm32l432xx.o [1]
  .text              ro code   0x800'402e     0x4  startup_stm32l432xx.o [1]
  .text              ro code   0x800'4032     0x4  startup_stm32l432xx.o [1]
  .text              ro code   0x800'4036     0x4  startup_stm32l432xx.o [1]
  .text              ro code   0x800'403a     0x4  startup_stm32l432xx.o [1]
  .rodata            const     0x800'403e     0x0  zero_init3.o [4]
  .rodata            const     0x800'403e     0x0  lz77_init_single.o [4]
  Initializer bytes  const     0x800'403e    0x50  <for P2-1>
                             - 0x800'408e  0x3f02

"P2", part 1 of 3:                           0xec
  P2-1                        0x2000'0000    0xec  <Init block>
    .data            inited   0x2000'0000    0x20  stm32l4xx_hal_flash.o [1]
    .data            inited   0x2000'0020     0x4  system_stm32l4xx.o [1]
    .data            inited   0x2000'0024    0x38  xlocale_c.o [2]
    .data            inited   0x2000'005c    0x48  xlocale_c.o [2]
    .data            inited   0x2000'00a4    0x48  xfiles.o [2]
                            - 0x2000'00ec    0xec

"P2", part 2 of 3:                         0x40d8
  .bss               zero     0x2000'00ec  0x4008  usart.o [1]
  .bss               zero     0x2000'40f4    0x78  usart.o [1]
  .bss               zero     0x2000'416c    0x50  xfiles.o [2]
  .bss               zero     0x2000'41bc     0x4  stm32l4xx_hal.o [1]
  .bss               zero     0x2000'41c0     0x4  xfail_s.o [2]
                            - 0x2000'41c4  0x40d8

"P2", part 3 of 3:                          0x400
  CSTACK                      0x2000'41c8   0x400  <Block>
    CSTACK           uninit   0x2000'41c8   0x400  <Block tail>
                            - 0x2000'45c8   0x400

Unused ranges:

         From           To      Size
         ----           --      ----
   0x800'408e   0x801'ffff  0x1'bf72
  0x2000'41c4  0x2000'41c7       0x4
  0x2000'45c8  0x2001'0000    0xba39


*******************************************************************************
*** INIT TABLE
***

          Address      Size
          -------      ----
Zero (__iar_zero_init3)
    1 destination range, total size 0x40d8:
          0x2000'00ec  0x40d8

Copy/lz77 (__iar_lz77_init_single3)
    1 source range, total size 0x50 (33% of destination):
           0x800'403e    0x50
    1 destination range, total size 0xec:
          0x2000'0000    0xec



*******************************************************************************
*** MODULE SUMMARY
***

    Module                    ro code  ro data  rw data
    ------                    -------  -------  -------
command line/config:
    ---------------------------------------------------
    Total:

F:\System\Documents\CubeMX\L432_Uart2_BootLoader\EWARM\L432_Uart2_BootLoader\Obj: [1]
    gpio.o                        202
    main.o                        724
    startup_stm32l432xx.o         648
    stm32l4xx_hal.o               136                 4
    stm32l4xx_hal_cortex.o        226
    stm32l4xx_hal_dma.o            74
    stm32l4xx_hal_flash.o         392       10       32
    stm32l4xx_hal_flash_ex.o      364
    stm32l4xx_hal_gpio.o          408
    stm32l4xx_hal_msp.o           140
    stm32l4xx_hal_pwr.o            16
    stm32l4xx_hal_pwr_ex.o        136
    stm32l4xx_hal_rcc.o         1 744
    stm32l4xx_hal_rcc_ex.o        872
    stm32l4xx_hal_uart.o        2 028
    stm32l4xx_hal_uart_ex.o         2
    stm32l4xx_it.o                 40
    system_stm32l4xx.o            140       10        4
    usart.o                       284            16 512
    ---------------------------------------------------
    Total:                      8 576       20   16 552

dl7M_tlf.a: [2]
    abort.o                         6
    exit.o                          4
    low_level_init.o                4
    printf.o                       40
    putchar.o                      12
    xencoding_8859_1.o             30
    xfail_s.o                      64                 4
    xfiles.o                                25      152
    xlocale_c.o                   120       49      128
    xmbcurmax.o                    10
    xprintffull.o               3 962
    xprout.o                       22
    ---------------------------------------------------
    Total:                      4 274       74      284

m7M_tls.a: [3]
    DblAdd.o                      362
    DblCmpGe.o                     46
    DblCmpLe.o                     46
    DblDiv.o                      582
    DblMul.o                      418
    DblSub.o                      226
    DblToS32.o                     58
    DblToU32.o                     40
    S32ToDbl.o                     34
    U32ToDbl.o                     26
    fpinit_M.o                     34
    frexp.o                       112
    ldexp.o                       314
    ---------------------------------------------------
    Total:                      2 298

rt7M_tl.a: [4]
    ABImemcpy.o                   166
    I64DivMod.o                   560
    I64DivZer.o                     2
    I64Shl.o                       34
    cexit.o                        10
    cmain.o                        30
    cstartup_M.o                   12
    data_init.o                    40
    lz77_init_single.o            122
    memchr.o                       88
    strchr.o                       22
    strlen.o                       54
    zero_init3.o                   58
    ---------------------------------------------------
    Total:                      1 198

shb_l.a: [5]
    exit.o                         20
    ---------------------------------------------------
    Total:                         20

    Gaps                           32        2
    Linker created                          32    1 024
-------------------------------------------------------
    Grand Total:               16 398      128   17 860


*******************************************************************************
*** ENTRY LIST
***

Entry                       Address    Size  Type      Object
-----                       -------    ----  ----      ------
.iar.init_table$$Base    0x800'3eb4           --   Gb  - Linker created -
.iar.init_table$$Limit   0x800'3ed4           --   Gb  - Linker created -
?main                    0x800'3ed5          Code  Gb  cmain.o [4]
AHBPrescTable            0x800'3df0    0x10  Data  Gb  system_stm32l4xx.o [1]
APBPrescTable            0x800'3f44     0x8  Data  Gb  system_stm32l4xx.o [1]
APP_DATA                0x2000'00f0  0x4000  Data  Gb  usart.o [1]
BusFault_Handler         0x800'3e37     0x2  Code  Gb  stm32l4xx_it.o [1]
CSTACK$$Base            0x2000'41c8           --   Gb  - Linker created -
CSTACK$$Limit           0x2000'45c8           --   Gb  - Linker created -
CacheMore                0x800'1185    0x24  Code  Lc  xlocale_c.o [2]
DebugMon_Handler         0x800'3e3d     0x2  Code  Gb  stm32l4xx_it.o [1]
FLASH_FlushCaches        0x800'3903    0x4e  Code  Gb  stm32l4xx_hal_flash_ex.o [1]
FLASH_MassErase          0x800'38c7    0x18  Code  Lc  stm32l4xx_hal_flash_ex.o [1]
FLASH_PageErase          0x800'38df    0x24  Code  Gb  stm32l4xx_hal_flash_ex.o [1]
FLASH_Program_DoubleWord
                         0x800'379f    0x14  Code  Lc  stm32l4xx_hal_flash.o [1]
FLASH_Program_Fast       0x800'37b3    0x1e  Code  Lc  stm32l4xx_hal_flash.o [1]
FLASH_WaitForLastOperation
                         0x800'3729    0x5c  Code  Gb  stm32l4xx_hal_flash.o [1]
HAL_DMA_Abort_IT         0x800'2831    0x4a  Code  Gb  stm32l4xx_hal_dma.o [1]
HAL_Delay                0x800'3983    0x1e  Code  Wk  stm32l4xx_hal.o [1]
HAL_FLASHEx_Erase        0x800'37f5    0xd2  Code  Gb  stm32l4xx_hal_flash_ex.o [1]
HAL_FLASH_Lock           0x800'3719     0xa  Code  Gb  stm32l4xx_hal_flash.o [1]
HAL_FLASH_Program        0x800'366d    0x8c  Code  Gb  stm32l4xx_hal_flash.o [1]
HAL_FLASH_Unlock         0x800'36f9    0x20  Code  Gb  stm32l4xx_hal_flash.o [1]
HAL_GPIO_Init            0x800'3225   0x170  Code  Gb  stm32l4xx_hal_gpio.o [1]
HAL_GPIO_TogglePin       0x800'339f     0x8  Code  Gb  stm32l4xx_hal_gpio.o [1]
HAL_GPIO_WritePin        0x800'3395     0xa  Code  Gb  stm32l4xx_hal_gpio.o [1]
HAL_GetTick              0x800'2825     0xc  Code  Wk  stm32l4xx_hal.o [1]
HAL_IncTick              0x800'3e59    0x10  Code  Wk  stm32l4xx_hal.o [1]
HAL_Init                 0x800'3559    0x1e  Code  Gb  stm32l4xx_hal.o [1]
HAL_InitTick             0x800'34a1    0x30  Code  Wk  stm32l4xx_hal.o [1]
HAL_MspInit              0x800'3d19    0x8c  Code  Gb  stm32l4xx_hal_msp.o [1]
HAL_NVIC_EnableIRQ       0x800'342b     0xa  Code  Gb  stm32l4xx_hal_cortex.o [1]
HAL_NVIC_SetPriority     0x800'33f1    0x3a  Code  Gb  stm32l4xx_hal_cortex.o [1]
HAL_NVIC_SetPriorityGrouping
                         0x800'33d7    0x1a  Code  Gb  stm32l4xx_hal_cortex.o [1]
HAL_PWREx_ControlVoltageScaling
                         0x800'34dd    0x5e  Code  Gb  stm32l4xx_hal_pwr_ex.o [1]
HAL_PWREx_GetVoltageRange
                         0x800'34d1     0xc  Code  Gb  stm32l4xx_hal_pwr_ex.o [1]
HAL_PWR_EnableBkUpAccess
                         0x800'39a1     0xc  Code  Gb  stm32l4xx_hal_pwr.o [1]
HAL_RCCEx_EnableMSIPLLMode
                         0x800'3be7     0xe  Code  Gb  stm32l4xx_hal_rcc_ex.o [1]
HAL_RCCEx_PeriphCLKConfig
                         0x800'39b1   0x230  Code  Gb  stm32l4xx_hal_rcc_ex.o [1]
HAL_RCC_ClockConfig      0x800'2ccf    0xfc  Code  Gb  stm32l4xx_hal_rcc.o [1]
HAL_RCC_GetHCLKFreq      0x800'2e77     0x6  Code  Gb  stm32l4xx_hal_rcc.o [1]
HAL_RCC_GetPCLK1Freq     0x800'2e7d    0x10  Code  Gb  stm32l4xx_hal_rcc.o [1]
HAL_RCC_GetPCLK2Freq     0x800'2e8d     0xe  Code  Gb  stm32l4xx_hal_rcc.o [1]
HAL_RCC_GetSysClockFreq
                         0x800'2de1    0x96  Code  Gb  stm32l4xx_hal_rcc.o [1]
HAL_RCC_OscConfig        0x800'2881   0x42a  Code  Gb  stm32l4xx_hal_rcc.o [1]
HAL_SYSTICK_CLKSourceConfig
                         0x800'3467    0x1a  Code  Gb  stm32l4xx_hal_cortex.o [1]
HAL_SYSTICK_Config       0x800'343f    0x28  Code  Gb  stm32l4xx_hal_cortex.o [1]
HAL_SYSTICK_IRQHandler   0x800'3481     0x4  Code  Gb  stm32l4xx_hal_cortex.o [1]
HAL_UARTEx_WakeupCallback
                         0x800'287d     0x2  Code  Wk  stm32l4xx_hal_uart_ex.o [1]
HAL_UART_IRQHandler      0x800'20ef   0x144  Code  Gb  stm32l4xx_hal_uart.o [1]
HAL_UART_Init            0x800'1f21    0x30  Code  Gb  stm32l4xx_hal_uart.o [1]
HAL_UART_MspInit         0x800'2751    0x54  Code  Gb  usart.o [1]
HAL_UART_Receive_IT      0x800'204f    0x9a  Code  Gb  stm32l4xx_hal_uart.o [1]
HAL_UART_RxCpltCallback
                         0x800'27a5    0x2e  Code  Gb  usart.o [1]
HAL_UART_Transmit        0x800'1fa1    0xae  Code  Gb  stm32l4xx_hal_uart.o [1]
HardFault_Handler        0x800'3e33     0x2  Code  Gb  stm32l4xx_it.o [1]
LoadInt                  0x800'034f    0x7a  Code  Lc  xprintffull.o [2]
MSIRangeTable            0x800'3e00    0x30  Data  Gb  system_stm32l4xx.o [1]
MX_GPIO_Init             0x800'3579    0xa2  Code  Gb  gpio.o [1]
MX_USART2_UART_Init      0x800'2719    0x38  Code  Gb  usart.o [1]
MemManage_Handler        0x800'3e35     0x2  Code  Gb  stm32l4xx_it.o [1]
NMI_Handler              0x800'3e31     0x2  Code  Gb  stm32l4xx_it.o [1]
NVIC_SetPriority         0x800'33bd    0x1a  Code  Lc  stm32l4xx_hal_cortex.o [1]
PendSV_Handler           0x800'3e3f     0x2  Code  Gb  stm32l4xx_it.o [1]
RCCEx_PLLSAI1_Config     0x800'3bf5    0xfc  Code  Lc  stm32l4xx_hal_rcc_ex.o [1]
RCC_SetFlashLatencyFromMSIRange
                         0x800'2ea5    0x74  Code  Lc  stm32l4xx_hal_rcc.o [1]
Region$$Table$$Base      0x800'3eb4           --   Gb  - Linker created -
Region$$Table$$Limit     0x800'3ed4           --   Gb  - Linker created -
SVC_Handler              0x800'3e3b     0x2  Code  Gb  stm32l4xx_it.o [1]
SysTick_Handler          0x800'3e41     0xe  Code  Gb  stm32l4xx_it.o [1]
SystemClock_Config       0x800'3083    0xaa  Code  Gb  main.o [1]
SystemCoreClock         0x2000'0020     0x4  Data  Gb  system_stm32l4xx.o [1]
SystemInit               0x800'3da5    0x3c  Code  Gb  system_stm32l4xx.o [1]
UART_AdvFeatureConfig    0x800'249d    0xc6  Code  Gb  stm32l4xx_hal_uart.o [1]
UART_CheckIdleState      0x800'2563    0x5a  Code  Gb  stm32l4xx_hal_uart.o [1]
UART_DMAAbortOnError     0x800'2641    0x10  Code  Lc  stm32l4xx_hal_uart.o [1]
UART_EndRxTransfer       0x800'2621    0x20  Code  Lc  stm32l4xx_hal_uart.o [1]
UART_RxISR_16BIT         0x800'26af    0x5a  Code  Lc  stm32l4xx_hal_uart.o [1]
UART_RxISR_8BIT          0x800'2651    0x50  Code  Lc  stm32l4xx_hal_uart.o [1]
UART_SetConfig           0x800'2241   0x222  Code  Gb  stm32l4xx_hal_uart.o [1]
UART_WaitOnFlagUntilTimeout
                         0x800'25bd    0x58  Code  Gb  stm32l4xx_hal_uart.o [1]
USART2_IRQHandler        0x800'3e4f     0x6  Code  Gb  stm32l4xx_it.o [1]
USART_RX_CNT            0x2000'40f0     0x4  Data  Gb  usart.o [1]
UartRec                 0x2000'00ec     0x1  Data  Gb  usart.o [1]
UsageFault_Handler       0x800'3e39     0x2  Code  Gb  stm32l4xx_it.o [1]
_Encoding_8859_1_Mbrlen
                         0x800'12d1     0x2  Code  Gb  xencoding_8859_1.o [2]
_Encoding_8859_1_Wctomb
                         0x800'12bf    0x12  Code  Gb  xencoding_8859_1.o [2]
_Error_Handler           0x800'3149     0x2  Code  Gb  main.o [1]
_GenldFull               0x800'0de1   0x274  Code  Lc  xprintffull.o [2]
_LdtobFull               0x800'09b5   0x400  Code  Lc  xprintffull.o [2]
_LitobFull               0x800'085d   0x112  Code  Lc  xprintffull.o [2]
_Locale_lconv           0x2000'0024    0x38  Data  Lc  xlocale_c.o [2]
_PrintfFull              0x800'018d   0x1aa  Code  Gb  xprintffull.o [2]
_Prout                   0x800'3f07    0x16  Code  Gb  xprout.o [2]
_PutcharsFull            0x800'1055    0x2e  Code  Lc  xprintffull.o [2]
_PutfldFull              0x800'03c9   0x2d8  Code  Lc  xprintffull.o [2]
_PutstrFull              0x800'0797    0xc6  Code  Lc  xprintffull.o [2]
_PuttxtFull              0x800'06a1    0xf6  Code  Lc  xprintffull.o [2]
__aeabi_cdcmple          0x800'182d          Code  Gb  DblCmpLe.o [3]
__aeabi_cdrcmple         0x800'185d          Code  Gb  DblCmpGe.o [3]
__aeabi_d2iz             0x800'19c9          Code  Gb  DblToS32.o [3]
__aeabi_d2uiz            0x800'1d55          Code  Gb  DblToU32.o [3]
__aeabi_ddiv             0x800'1b0d          Code  Gb  DblDiv.o [3]
__aeabi_dmul             0x800'1619          Code  Gb  DblMul.o [3]
__aeabi_dsub             0x800'1a29          Code  Gb  DblSub.o [3]
__aeabi_i2d              0x800'1a05          Code  Gb  S32ToDbl.o [3]
__aeabi_ldiv0            0x800'1d9d          Code  Gb  I64DivZer.o [4]
__aeabi_llsl             0x800'3961          Code  Gb  I64Shl.o [4]
__aeabi_memcpy           0x800'1341          Code  Gb  ABImemcpy.o [4]
__aeabi_memcpy4          0x800'1361          Code  Gb  ABImemcpy.o [4]
__aeabi_memcpy8          0x800'1361          Code  Gb  ABImemcpy.o [4]
__aeabi_ui2d             0x800'1d7d          Code  Gb  U32ToDbl.o [3]
__aeabi_uldivmod         0x800'13e9          Code  Gb  I64DivMod.o [4]
__cmain                  0x800'3ed5          Code  Gb  cmain.o [4]
__exit                   0x800'1f0d    0x14  Code  Gb  exit.o [5]
__iar_Fail_s             0x800'1249    0x1c  Code  Gb  xfail_s.o [2]
__iar_Mbcurmax           0x800'1335     0xa  Code  Gb  xmbcurmax.o [2]
__iar_Memchr             0x800'12dd          Code  Gb  memchr.o [4]
__iar_Stdout            0x2000'00a4    0x48  Data  Gb  xfiles.o [2]
__iar_Strchr             0x800'11f9          Code  Gb  strchr.o [4]
__iar_dadd               0x800'1a39          Code  Gb  DblSub.o [3]
__iar_data_init3         0x800'3e69    0x28  Code  Gb  data_init.o [4]
__iar_dsub               0x800'1da1          Code  Gb  DblAdd.o [3]
__iar_dsubStart          0x800'1db3          Code  Gb  DblAdd.o [3]
__iar_frexp              0x800'17c9          Code  Gb  frexp.o [3]
__iar_frexpl             0x800'17c9          Code  Gb  frexp.o [3]
__iar_globLocale        0x2000'005c    0x48  Data  Lc  xlocale_c.o [2]
__iar_global_Locale      0x800'1181     0x4  Code  Gb  xlocale_c.o [2]
__iar_init_vfp           0x800'3e91          Code  Gb  fpinit_M.o [3]
__iar_ldexp64            0x800'188d          Code  Gb  ldexp.o [3]
__iar_lz77_init_single3
                         0x800'1107    0x7a  Code  Gb  lz77_init_single.o [4]
__iar_program_start      0x800'3f39          Code  Gb  cstartup_M.o [4]
__iar_scalbln64          0x800'188d          Code  Gb  ldexp.o [3]
__iar_scalbn64           0x800'188d          Code  Gb  ldexp.o [3]
__iar_softfp___iar_frexp64
                         0x800'17bd          Code  Gb  frexp.o [3]
__iar_softfp_frexp       0x800'17bd          Code  Gb  frexp.o [3]
__iar_softfp_frexpl      0x800'17bd          Code  Gb  frexp.o [3]
__iar_zero_init3         0x800'120f    0x3a  Code  Gb  zero_init3.o [4]
__low_level_init         0x800'3ef3     0x4  Code  Gb  low_level_init.o [2]
__vector_table           0x800'0000          Data  Gb  startup_stm32l432xx.o [1]
_call_main               0x800'3ee1          Code  Gb  cmain.o [4]
_exit                    0x800'3efd          Code  Gb  cexit.o [4]
_gLocale_mblen           0x800'11e5     0x4  Code  Gb  xlocale_c.o [2]
_gLocale_mblenInt        0x800'11a9    0x2c  Code  Gb  xlocale_c.o [2]
_gLocale_wctomb          0x800'11e9     0x4  Code  Gb  xlocale_c.o [2]
_gLocale_wctombInt       0x800'11e1     0x4  Code  Gb  xlocale_c.o [2]
_main                    0x800'3eef          Code  Gb  cmain.o [4]
abort                    0x800'1d97     0x6  Code  Gb  abort.o [2]
exit                     0x800'3ef7     0x4  Code  Gb  exit.o [2]
fputc                    0x800'2709    0x10  Code  Gb  usart.o [1]
huart2                  0x2000'40f4    0x78  Data  Gb  usart.o [1]
ldexp                    0x800'188d          Code  Gb  ldexp.o [3]
ldexpl                   0x800'188d          Code  Gb  ldexp.o [3]
localeconv               0x800'11ed     0x4  Code  Gb  xlocale_c.o [2]
main                     0x800'2f51   0x11e  Code  Gb  main.o [1]
memchr                   0x800'12dd          Code  Gb  memchr.o [4]
obuf                    0x2000'416c    0x50  Data  Lc  xfiles.o [2]
pFlash                  0x2000'0000    0x20  Data  Gb  stm32l4xx_hal_flash.o [1]
printf                   0x800'3645    0x28  Code  Gb  printf.o [2]
putchar                  0x800'3f1d     0xc  Code  Gb  putchar.o [2]
scalbln                  0x800'188d          Code  Gb  ldexp.o [3]
scalblnl                 0x800'188d          Code  Gb  ldexp.o [3]
scalbn                   0x800'188d          Code  Gb  ldexp.o [3]
scalbnl                  0x800'188d          Code  Gb  ldexp.o [3]
scale                    0x800'096f    0x46  Code  Lc  xprintffull.o [2]
sec_hand                0x2000'41c0     0x4  Data  Lc  xfail_s.o [2]
strchr                   0x800'11f9          Code  Gb  strchr.o [4]
strlen                   0x800'1289          Code  Gb  strlen.o [4]
uwTick                  0x2000'41bc     0x4  Data  Gb  stm32l4xx_hal.o [1]


[1] = F:\System\Documents\CubeMX\L432_Uart2_BootLoader\EWARM\L432_Uart2_BootLoader\Obj
[2] = dl7M_tlf.a
[3] = m7M_tls.a
[4] = rt7M_tl.a
[5] = shb_l.a

  16 398 bytes of readonly  code memory
     128 bytes of readonly  data memory
  17 860 bytes of readwrite data memory

Errors: none
Warnings: none
